

================================================================
== Vivado HLS Report for 'image_filter_Resize'
================================================================
* Date:           Wed Jun 08 01:42:48 2016

* Version:        2015.4 (Build 1412921 on Wed Nov 18 09:58:55 AM 2015)
* Project:        gray2scale
* Solution:       solution1
* Product family: zynq
* Target device:  xc7z020clg484-1


================================================================
== Performance Estimates
================================================================
+ Timing (ns): 
    * Summary: 
    +--------+-------+----------+------------+
    |  Clock | Target| Estimated| Uncertainty|
    +--------+-------+----------+------------+
    |ap_clk  |  10.00|     10.05|        1.25|
    +--------+-------+----------+------------+

+ Latency (clock cycles): 
    * Summary: 
    +-----+---------+-----+---------+---------+
    |    Latency    |    Interval   | Pipeline|
    | min |   max   | min |   max   |   Type  |
    +-----+---------+-----+---------+---------+
    |  141|  2124214|  141|  2124214|   none  |
    +-----+---------+-----+---------+---------+

    + Detail: 
        * Instance: 
        N/A

        * Loop: 
        N/A

============================================================
+ Verbose Summary: Synthesis Manager
============================================================
InlineROM: 1
ExposeGlobal: 0
============================================================
+ Verbose Summary: CDFG Model
============================================================
IsTopModel: 0
ResetActiveHigh: 1
IsCombinational: 2
IsDatapathOnly: 0
HasWiredReturn: 1
HasMFsm: 0
HasVarLatency: 1
IsPipeline: 0
IsRtlPipelined: 0
IsInstanceOverlapped: 0
IsDontTouch: 0
HasImplIP: 0
IsGatedGlobalClock: 0


============================================================
+ Verbose Summary: Schedule
============================================================
* Number of FSM states: 2
* Pipeline: 0
* Dataflow Pipeline: 0

* FSM state transitions: 
1 --> 
	2  / true
2 --> 
* FSM state operations: 

 <State 1>: 0.00ns
ST_1: cols_read [1/1] 0.00ns
entry:4  %cols_read = call i11 @_ssdm_op_Read.ap_stable.i11(i11 %cols)

ST_1: rows_read [1/1] 0.00ns
entry:5  %rows_read = call i11 @_ssdm_op_Read.ap_stable.i11(i11 %rows)

ST_1: stg_5 [2/2] 0.00ns
entry:14  call fastcc void @image_filter_Resize_opr_linear(i11 %rows_read, i11 %cols_read, i8* %p_src_data_stream_V, i11 %rows_read, i11 %cols_read, i8* %p_dst_data_stream_V)


 <State 2>: 0.00ns
ST_2: stg_6 [1/1] 0.00ns
entry:0  call void (...)* @_ssdm_op_SpecIFCore(i11 %cols, [1 x i8]* @p_str1806, [10 x i8]* @p_str1807, [1 x i8]* @p_str1806, i32 -1, [1 x i8]* @p_str1806, [1 x i8]* @p_str1806, [24 x i8]* @p_str1808)

ST_2: stg_7 [1/1] 0.00ns
entry:1  call void (...)* @_ssdm_op_SpecIFCore(i11 %rows, [1 x i8]* @p_str1806, [10 x i8]* @p_str1807, [1 x i8]* @p_str1806, i32 -1, [1 x i8]* @p_str1806, [1 x i8]* @p_str1806, [24 x i8]* @p_str1808)

ST_2: stg_8 [1/1] 0.00ns
entry:2  call void (...)* @_ssdm_op_SpecInterface(i8* %p_dst_data_stream_V, [8 x i8]* @ap_fifo_str, i32 0, i32 0, i32 0, i32 0, [1 x i8]* @p_str, [1 x i8]* @p_str, [1 x i8]* @p_str, [1 x i8]* @p_str)

ST_2: stg_9 [1/1] 0.00ns
entry:3  call void (...)* @_ssdm_op_SpecInterface(i8* %p_src_data_stream_V, [8 x i8]* @ap_fifo_str, i32 0, i32 0, i32 0, i32 0, [1 x i8]* @p_str, [1 x i8]* @p_str, [1 x i8]* @p_str, [1 x i8]* @p_str)

ST_2: stg_10 [1/1] 0.00ns
entry:6  call void (...)* @_ssdm_op_SpecInterface(i11 %cols, [10 x i8]* @ap_stable_str, i32 0, i32 0, i32 0, i32 0, [1 x i8]* @p_str, [1 x i8]* @p_str, [1 x i8]* @p_str, [1 x i8]* @p_str)

ST_2: stg_11 [1/1] 0.00ns
entry:7  call void (...)* @_ssdm_op_SpecInterface(i11 %rows, [10 x i8]* @ap_stable_str, i32 0, i32 0, i32 0, i32 0, [1 x i8]* @p_str, [1 x i8]* @p_str, [1 x i8]* @p_str, [1 x i8]* @p_str)

ST_2: stg_12 [1/1] 0.00ns
entry:8  call void (...)* @_ssdm_op_SpecInterface(i11 %cols, [10 x i8]* @ap_stable_str, i32 0, i32 0, i32 0, i32 0, [1 x i8]* @p_str, [1 x i8]* @p_str, [1 x i8]* @p_str, [1 x i8]* @p_str)

ST_2: stg_13 [1/1] 0.00ns
entry:9  call void (...)* @_ssdm_op_SpecInterface(i11 %rows, [10 x i8]* @ap_stable_str, i32 0, i32 0, i32 0, i32 0, [1 x i8]* @p_str, [1 x i8]* @p_str, [1 x i8]* @p_str, [1 x i8]* @p_str)

ST_2: stg_14 [1/1] 0.00ns
entry:10  call void (...)* @_ssdm_op_SpecInterface(i11 %cols, [10 x i8]* @ap_stable_str, i32 0, i32 0, i32 0, i32 0, [1 x i8]* @p_str, [1 x i8]* @p_str, [1 x i8]* @p_str, [1 x i8]* @p_str)

ST_2: stg_15 [1/1] 0.00ns
entry:11  call void (...)* @_ssdm_op_SpecInterface(i11 %rows, [10 x i8]* @ap_stable_str, i32 0, i32 0, i32 0, i32 0, [1 x i8]* @p_str, [1 x i8]* @p_str, [1 x i8]* @p_str, [1 x i8]* @p_str)

ST_2: stg_16 [1/1] 0.00ns
entry:12  call void (...)* @_ssdm_op_SpecInterface(i11 %cols, [10 x i8]* @ap_stable_str, i32 0, i32 0, i32 0, i32 0, [1 x i8]* @p_str, [1 x i8]* @p_str, [1 x i8]* @p_str, [1 x i8]* @p_str)

ST_2: stg_17 [1/1] 0.00ns
entry:13  call void (...)* @_ssdm_op_SpecInterface(i11 %rows, [10 x i8]* @ap_stable_str, i32 0, i32 0, i32 0, i32 0, [1 x i8]* @p_str, [1 x i8]* @p_str, [1 x i8]* @p_str, [1 x i8]* @p_str)

ST_2: stg_18 [1/2] 0.00ns
entry:14  call fastcc void @image_filter_Resize_opr_linear(i11 %rows_read, i11 %cols_read, i8* %p_src_data_stream_V, i11 %rows_read, i11 %cols_read, i8* %p_dst_data_stream_V)

ST_2: stg_19 [1/1] 0.00ns
entry:15  ret void



============================================================
+ Verbose Summary: Binding
============================================================
N/A
* FSMD analyzer results:
  - Output states:
  - Chain level:
	State 1
	State 2


============================================================
+ Verbose Summary: Datapath Resource usage 
============================================================
N/A
